###############################################################################
#
# IAR ELF Linker V9.50.2.385/W64 for ARM                  13/Dec/2024  19:05:12
# Copyright 2007-2024 IAR Systems AB.
#
#    Output file  =
#        C:\Users\heuch\Desktop\ARM\STM32\Study\I2C\EWARM\I2C\Exe\I2C.out
#    Map file     =
#        C:\Users\heuch\Desktop\ARM\STM32\Study\I2C\EWARM\I2C\List\I2C.map
#    Command line =
#        -f
#        C:\Users\heuch\Desktop\ARM\STM32\Study\I2C\EWARM\I2C\Exe\I2C.out.rsp
#        (C:\Users\heuch\Desktop\ARM\STM32\Study\I2C\EWARM\I2C\Obj\Core_13247989168731456611.dir\24cxx.o
#        C:\Users\heuch\Desktop\ARM\STM32\Study\I2C\EWARM\I2C\Obj\Core_13247989168731456611.dir\adc.o
#        C:\Users\heuch\Desktop\ARM\STM32\Study\I2C\EWARM\I2C\Obj\Core_13247989168731456611.dir\custom_i2c.o
#        C:\Users\heuch\Desktop\ARM\STM32\Study\I2C\EWARM\I2C\Obj\Core_13247989168731456611.dir\delay.o
#        C:\Users\heuch\Desktop\ARM\STM32\Study\I2C\EWARM\I2C\Obj\Core_13247989168731456611.dir\gpio.o
#        C:\Users\heuch\Desktop\ARM\STM32\Study\I2C\EWARM\I2C\Obj\Core_13247989168731456611.dir\key.o
#        C:\Users\heuch\Desktop\ARM\STM32\Study\I2C\EWARM\I2C\Obj\Core_13247989168731456611.dir\led.o
#        C:\Users\heuch\Desktop\ARM\STM32\Study\I2C\EWARM\I2C\Obj\Core_13247989168731456611.dir\main.o
#        C:\Users\heuch\Desktop\ARM\STM32\Study\I2C\EWARM\I2C\Obj\EWARM_18443280873093131863.dir\startup_stm32f429xx.o
#        C:\Users\heuch\Desktop\ARM\STM32\Study\I2C\EWARM\I2C\Obj\STM32F4xx_HAL_Driver_1244631019742807970.dir\stm32f4xx_hal.o
#        C:\Users\heuch\Desktop\ARM\STM32\Study\I2C\EWARM\I2C\Obj\STM32F4xx_HAL_Driver_1244631019742807970.dir\stm32f4xx_hal_adc.o
#        C:\Users\heuch\Desktop\ARM\STM32\Study\I2C\EWARM\I2C\Obj\STM32F4xx_HAL_Driver_1244631019742807970.dir\stm32f4xx_hal_adc_ex.o
#        C:\Users\heuch\Desktop\ARM\STM32\Study\I2C\EWARM\I2C\Obj\STM32F4xx_HAL_Driver_1244631019742807970.dir\stm32f4xx_hal_cortex.o
#        C:\Users\heuch\Desktop\ARM\STM32\Study\I2C\EWARM\I2C\Obj\STM32F4xx_HAL_Driver_1244631019742807970.dir\stm32f4xx_hal_dma.o
#        C:\Users\heuch\Desktop\ARM\STM32\Study\I2C\EWARM\I2C\Obj\STM32F4xx_HAL_Driver_1244631019742807970.dir\stm32f4xx_hal_dma_ex.o
#        C:\Users\heuch\Desktop\ARM\STM32\Study\I2C\EWARM\I2C\Obj\STM32F4xx_HAL_Driver_1244631019742807970.dir\stm32f4xx_hal_exti.o
#        C:\Users\heuch\Desktop\ARM\STM32\Study\I2C\EWARM\I2C\Obj\STM32F4xx_HAL_Driver_1244631019742807970.dir\stm32f4xx_hal_flash.o
#        C:\Users\heuch\Desktop\ARM\STM32\Study\I2C\EWARM\I2C\Obj\STM32F4xx_HAL_Driver_1244631019742807970.dir\stm32f4xx_hal_flash_ex.o
#        C:\Users\heuch\Desktop\ARM\STM32\Study\I2C\EWARM\I2C\Obj\STM32F4xx_HAL_Driver_1244631019742807970.dir\stm32f4xx_hal_flash_ramfunc.o
#        C:\Users\heuch\Desktop\ARM\STM32\Study\I2C\EWARM\I2C\Obj\STM32F4xx_HAL_Driver_1244631019742807970.dir\stm32f4xx_hal_gpio.o
#        C:\Users\heuch\Desktop\ARM\STM32\Study\I2C\EWARM\I2C\Obj\Core_13247989168731456611.dir\stm32f4xx_hal_msp.o
#        C:\Users\heuch\Desktop\ARM\STM32\Study\I2C\EWARM\I2C\Obj\STM32F4xx_HAL_Driver_1244631019742807970.dir\stm32f4xx_hal_pwr.o
#        C:\Users\heuch\Desktop\ARM\STM32\Study\I2C\EWARM\I2C\Obj\STM32F4xx_HAL_Driver_1244631019742807970.dir\stm32f4xx_hal_pwr_ex.o
#        C:\Users\heuch\Desktop\ARM\STM32\Study\I2C\EWARM\I2C\Obj\STM32F4xx_HAL_Driver_1244631019742807970.dir\stm32f4xx_hal_rcc.o
#        C:\Users\heuch\Desktop\ARM\STM32\Study\I2C\EWARM\I2C\Obj\STM32F4xx_HAL_Driver_1244631019742807970.dir\stm32f4xx_hal_rcc_ex.o
#        C:\Users\heuch\Desktop\ARM\STM32\Study\I2C\EWARM\I2C\Obj\STM32F4xx_HAL_Driver_1244631019742807970.dir\stm32f4xx_hal_tim.o
#        C:\Users\heuch\Desktop\ARM\STM32\Study\I2C\EWARM\I2C\Obj\STM32F4xx_HAL_Driver_1244631019742807970.dir\stm32f4xx_hal_tim_ex.o
#        C:\Users\heuch\Desktop\ARM\STM32\Study\I2C\EWARM\I2C\Obj\STM32F4xx_HAL_Driver_1244631019742807970.dir\stm32f4xx_hal_uart.o
#        C:\Users\heuch\Desktop\ARM\STM32\Study\I2C\EWARM\I2C\Obj\Core_13247989168731456611.dir\stm32f4xx_it.o
#        C:\Users\heuch\Desktop\ARM\STM32\Study\I2C\EWARM\I2C\Obj\STM32F4xx_HAL_Driver_1244631019742807970.dir\stm32f4xx_ll_adc.o
#        C:\Users\heuch\Desktop\ARM\STM32\Study\I2C\EWARM\I2C\Obj\Core_13247989168731456611.dir\sys.o
#        C:\Users\heuch\Desktop\ARM\STM32\Study\I2C\EWARM\I2C\Obj\CMSIS_6603591812247902717.dir\system_stm32f4xx.o
#        C:\Users\heuch\Desktop\ARM\STM32\Study\I2C\EWARM\I2C\Obj\Core_13247989168731456611.dir\usart.o
#        --no_out_extension -o
#        C:\Users\heuch\Desktop\ARM\STM32\Study\I2C\EWARM\I2C\Exe\I2C.out
#        --redirect _Printf=_PrintfFullNoMb --redirect _Scanf=_ScanfFullNoMb
#        --map
#        C:\Users\heuch\Desktop\ARM\STM32\Study\I2C\EWARM\I2C\List\I2C.map
#        --config
#        C:\Users\heuch\Desktop\ARM\STM32\Study\I2C\EWARM/stm32f429xx_flash.icf
#        --semihosting --entry __iar_program_start --vfe --text_out locale
#        --cpu=Cortex-M4 --fpu=VFPv4_sp) --dependencies=n
#        C:\Users\heuch\Desktop\ARM\STM32\Study\I2C\EWARM\I2C\Exe\I2C.out.iar_deps
#
###############################################################################

*******************************************************************************
*** RUNTIME MODEL ATTRIBUTES
***

CppFlavor       = *
__CPP_Runtime   = 1
__SystemLibrary = DLib
__dlib_version  = 6


*******************************************************************************
*** HEAP SELECTION
***

The basic heap was selected because --advanced_heap
was not specified and the application did not appear to
be primarily optimized for speed.


*******************************************************************************
*** PLACEMENT SUMMARY
***

"A0":  place at address 0x800'0000 { ro section .intvec };
"P1":  place in [from 0x800'0000 to 0x81f'ffff] { ro };
define block CSTACK with size = 1K, alignment = 8 { };
define block HEAP with size = 512, alignment = 8 { };
"P2":  place in [from 0x2000'0000 to 0x2002'ffff] {
          rw, block CSTACK, block HEAP };
initialize by copy { rw };

  Section            Kind         Address  Aligment    Size  Object
  -------            ----         -------  --------    ----  ------
"A0":                                                 0x1ac
  .intvec            ro code   0x800'0000         4   0x1ac  startup_stm32f429xx.o [3]
                             - 0x800'01ac             0x1ac

"P1":                                                0x1ccc
  .text              ro code   0x800'01ac         4   0x588  stm32f4xx_hal_uart.o [4]
  .text              ro code   0x800'0734         4    0xd8  usart.o [2]
  .text              ro code   0x800'080c         4    0xbc  stm32f4xx_hal_dma.o [4]
  .text              ro code   0x800'08c8         2     0x2  stm32f4xx_hal_uart.o [4]
  .text              ro code   0x800'08ca         2     0x2  stm32f4xx_hal_uart.o [4]
  .text              ro code   0x800'08cc         2     0x2  stm32f4xx_hal_uart.o [4]
  .text              ro code   0x800'08ce         2     0x2  stm32f4xx_hal_uart.o [4]
  .text              ro code   0x800'08d0         4   0x14c  stm32f4xx_hal_rcc.o [4]
  .text              ro code   0x800'0a1c         4   0x106  I64DivMod_small.o [7]
  .text              ro code   0x800'0b22         2    0x2a  copy_init3.o [7]
  .text              ro code   0x800'0b4c         4   0x170  main.o [2]
  .text              ro code   0x800'0cbc         4    0x12  ABImemset_small.o [7]
  .text              ro code   0x800'0cd0         4   0x234  stm32f4xx_hal_gpio.o [4]
  .text              ro code   0x800'0f04         4    0xbc  stm32f4xx_hal_cortex.o [4]
  .text              ro code   0x800'0fc0         4     0xc  stm32f4xx_hal.o [4]
  .text              ro code   0x800'0fcc         4    0x60  stm32f4xx_hal_rcc.o [4]
  .text              ro code   0x800'102c         4    0x40  stm32f4xx_hal.o [4]
  .text              ro code   0x800'106c         4     0x2  I64DivZer.o [7]
  .text              ro code   0x800'1070         4    0x34  stm32f4xx_hal.o [4]
  .text              ro code   0x800'10a4         4    0x78  led.o [2]
  .text              ro code   0x800'111c         4   0x150  key.o [2]
  .text              ro code   0x800'126c         4    0x48  delay.o [2]
  .text              ro code   0x800'12b4         4   0x1d4  custom_i2c.o [2]
  .text              ro code   0x800'1488         4    0xd6  gpio.o [2]
  .text              ro code   0x800'155e         2    0xe2  24cxx.o [2]
  .text              ro code   0x800'1640         4    0x18  ABImemcpy_small.o [7]
  .text              ro code   0x800'1658         4     0x6  ABImemclr4.o [7]
  .text              ro code   0x800'1660         4   0x314  stm32f4xx_hal_rcc.o [4]
  .text              ro code   0x800'1974         4    0x74  stm32f4xx_hal_pwr_ex.o [4]
  .text              ro code   0x800'19e8         4    0x38  stm32f4xx_hal_msp.o [2]
  .text              ro code   0x800'1a20         4    0x32  ABImemset48.o [7]
  .text              ro code   0x800'1a54         4   0x126  stm32f4xx_hal_adc.o [4]
  .text              ro code   0x800'1b7a         2     0x2  stm32f4xx_hal_adc.o [4]
  .text              ro code   0x800'1b7c         2     0x2  stm32f4xx_hal_adc_ex.o [4]
  .text              ro code   0x800'1b7e         2     0x2  stm32f4xx_hal_adc.o [4]
  .text              ro code   0x800'1b80         2     0x2  stm32f4xx_hal_adc.o [4]
  .text              ro code   0x800'1b82         2    0x38  zero_init3.o [7]
  .text              ro code   0x800'1bbc         4    0x2a  data_init.o [7]
  .text              ro code   0x800'1be8         4    0x28  stm32f4xx_it.o [2]
  .text              ro code   0x800'1c10         4    0x10  stm32f4xx_hal.o [4]
  .text              ro code   0x800'1c20         4    0x22  fpinit_M.o [6]
  .iar.init_table    const     0x800'1c44         4    0x24  - Linker created -
  .text              ro code   0x800'1c68         4    0x20  system_stm32f4xx.o [1]
  .text              ro code   0x800'1c88         4    0x1e  cmain.o [7]
  .text              ro code   0x800'1ca6         2     0x4  low_level_init.o [5]
  .text              ro code   0x800'1caa         2     0x4  exit.o [5]
  .text              ro code   0x800'1cb0         4     0xa  cexit.o [7]
  .text              ro code   0x800'1cbc         4    0x14  exit.o [8]
  .text              ro code   0x800'1cd0         4    0x1c  cstartup_M.o [7]
  Initializer bytes  const     0x800'1cec         4    0x14  <for P2-1>
  .text              ro code   0x800'1d00         4    0x10  startup_stm32f429xx.o [3]
  .rodata            const     0x800'1d10         4     0x8  system_stm32f4xx.o [1]
  .text              ro code   0x800'1d18         2     0x4  startup_stm32f429xx.o [3]
  .text              ro code   0x800'1d1c         2     0x4  startup_stm32f429xx.o [3]
  .text              ro code   0x800'1d20         2     0x4  startup_stm32f429xx.o [3]
  .text              ro code   0x800'1d24         2     0x4  startup_stm32f429xx.o [3]
  .text              ro code   0x800'1d28         2     0x4  startup_stm32f429xx.o [3]
  .text              ro code   0x800'1d2c         2     0x4  startup_stm32f429xx.o [3]
  .text              ro code   0x800'1d30         2     0x4  startup_stm32f429xx.o [3]
  .text              ro code   0x800'1d34         2     0x4  startup_stm32f429xx.o [3]
  .text              ro code   0x800'1d38         2     0x4  startup_stm32f429xx.o [3]
  .text              ro code   0x800'1d3c         2     0x4  startup_stm32f429xx.o [3]
  .text              ro code   0x800'1d40         2     0x4  startup_stm32f429xx.o [3]
  .text              ro code   0x800'1d44         2     0x4  startup_stm32f429xx.o [3]
  .text              ro code   0x800'1d48         2     0x4  startup_stm32f429xx.o [3]
  .text              ro code   0x800'1d4c         2     0x4  startup_stm32f429xx.o [3]
  .text              ro code   0x800'1d50         2     0x4  startup_stm32f429xx.o [3]
  .text              ro code   0x800'1d54         2     0x4  startup_stm32f429xx.o [3]
  .text              ro code   0x800'1d58         2     0x4  startup_stm32f429xx.o [3]
  .text              ro code   0x800'1d5c         2     0x4  startup_stm32f429xx.o [3]
  .text              ro code   0x800'1d60         2     0x4  startup_stm32f429xx.o [3]
  .text              ro code   0x800'1d64         2     0x4  startup_stm32f429xx.o [3]
  .text              ro code   0x800'1d68         2     0x4  startup_stm32f429xx.o [3]
  .text              ro code   0x800'1d6c         2     0x4  startup_stm32f429xx.o [3]
  .text              ro code   0x800'1d70         2     0x4  startup_stm32f429xx.o [3]
  .text              ro code   0x800'1d74         2     0x4  startup_stm32f429xx.o [3]
  .text              ro code   0x800'1d78         2     0x4  startup_stm32f429xx.o [3]
  .text              ro code   0x800'1d7c         2     0x4  startup_stm32f429xx.o [3]
  .text              ro code   0x800'1d80         2     0x4  startup_stm32f429xx.o [3]
  .text              ro code   0x800'1d84         2     0x4  startup_stm32f429xx.o [3]
  .text              ro code   0x800'1d88         2     0x4  startup_stm32f429xx.o [3]
  .text              ro code   0x800'1d8c         2     0x4  startup_stm32f429xx.o [3]
  .text              ro code   0x800'1d90         2     0x4  startup_stm32f429xx.o [3]
  .text              ro code   0x800'1d94         2     0x4  startup_stm32f429xx.o [3]
  .text              ro code   0x800'1d98         2     0x4  startup_stm32f429xx.o [3]
  .text              ro code   0x800'1d9c         2     0x4  startup_stm32f429xx.o [3]
  .text              ro code   0x800'1da0         2     0x4  startup_stm32f429xx.o [3]
  .text              ro code   0x800'1da4         2     0x4  startup_stm32f429xx.o [3]
  .text              ro code   0x800'1da8         2     0x4  startup_stm32f429xx.o [3]
  .text              ro code   0x800'1dac         2     0x4  startup_stm32f429xx.o [3]
  .text              ro code   0x800'1db0         2     0x4  startup_stm32f429xx.o [3]
  .text              ro code   0x800'1db4         2     0x4  startup_stm32f429xx.o [3]
  .text              ro code   0x800'1db8         2     0x4  startup_stm32f429xx.o [3]
  .text              ro code   0x800'1dbc         2     0x4  startup_stm32f429xx.o [3]
  .text              ro code   0x800'1dc0         2     0x4  startup_stm32f429xx.o [3]
  .text              ro code   0x800'1dc4         2     0x4  startup_stm32f429xx.o [3]
  .text              ro code   0x800'1dc8         2     0x4  startup_stm32f429xx.o [3]
  .text              ro code   0x800'1dcc         2     0x4  startup_stm32f429xx.o [3]
  .text              ro code   0x800'1dd0         2     0x4  startup_stm32f429xx.o [3]
  .text              ro code   0x800'1dd4         2     0x4  startup_stm32f429xx.o [3]
  .text              ro code   0x800'1dd8         2     0x4  startup_stm32f429xx.o [3]
  .text              ro code   0x800'1ddc         2     0x4  startup_stm32f429xx.o [3]
  .text              ro code   0x800'1de0         2     0x4  startup_stm32f429xx.o [3]
  .text              ro code   0x800'1de4         2     0x4  startup_stm32f429xx.o [3]
  .text              ro code   0x800'1de8         2     0x4  startup_stm32f429xx.o [3]
  .text              ro code   0x800'1dec         2     0x4  startup_stm32f429xx.o [3]
  .text              ro code   0x800'1df0         2     0x4  startup_stm32f429xx.o [3]
  .text              ro code   0x800'1df4         2     0x4  startup_stm32f429xx.o [3]
  .text              ro code   0x800'1df8         2     0x4  startup_stm32f429xx.o [3]
  .text              ro code   0x800'1dfc         2     0x4  startup_stm32f429xx.o [3]
  .text              ro code   0x800'1e00         2     0x4  startup_stm32f429xx.o [3]
  .text              ro code   0x800'1e04         2     0x4  startup_stm32f429xx.o [3]
  .text              ro code   0x800'1e08         2     0x4  startup_stm32f429xx.o [3]
  .text              ro code   0x800'1e0c         2     0x4  startup_stm32f429xx.o [3]
  .text              ro code   0x800'1e10         2     0x4  startup_stm32f429xx.o [3]
  .text              ro code   0x800'1e14         2     0x4  startup_stm32f429xx.o [3]
  .text              ro code   0x800'1e18         2     0x4  startup_stm32f429xx.o [3]
  .text              ro code   0x800'1e1c         2     0x4  startup_stm32f429xx.o [3]
  .text              ro code   0x800'1e20         2     0x4  startup_stm32f429xx.o [3]
  .text              ro code   0x800'1e24         2     0x4  startup_stm32f429xx.o [3]
  .text              ro code   0x800'1e28         2     0x4  startup_stm32f429xx.o [3]
  .text              ro code   0x800'1e2c         2     0x4  startup_stm32f429xx.o [3]
  .text              ro code   0x800'1e30         2     0x4  startup_stm32f429xx.o [3]
  .text              ro code   0x800'1e34         2     0x4  startup_stm32f429xx.o [3]
  .text              ro code   0x800'1e38         2     0x4  startup_stm32f429xx.o [3]
  .text              ro code   0x800'1e3c         2     0x4  startup_stm32f429xx.o [3]
  .text              ro code   0x800'1e40         2     0x4  startup_stm32f429xx.o [3]
  .text              ro code   0x800'1e44         2     0x4  startup_stm32f429xx.o [3]
  .text              ro code   0x800'1e48         2     0x4  startup_stm32f429xx.o [3]
  .text              ro code   0x800'1e4c         2     0x4  startup_stm32f429xx.o [3]
  .text              ro code   0x800'1e50         2     0x4  startup_stm32f429xx.o [3]
  .text              ro code   0x800'1e54         2     0x4  startup_stm32f429xx.o [3]
  .text              ro code   0x800'1e58         2     0x4  startup_stm32f429xx.o [3]
  .text              ro code   0x800'1e5c         2     0x4  startup_stm32f429xx.o [3]
  .text              ro code   0x800'1e60         2     0x4  startup_stm32f429xx.o [3]
  .text              ro code   0x800'1e64         2     0x4  startup_stm32f429xx.o [3]
  .text              ro code   0x800'1e68         2     0x4  startup_stm32f429xx.o [3]
  .text              ro code   0x800'1e6c         2     0x4  startup_stm32f429xx.o [3]
  .text              ro code   0x800'1e70         2     0x4  startup_stm32f429xx.o [3]
  .text              ro code   0x800'1e74         2     0x4  startup_stm32f429xx.o [3]
  .rodata            const     0x800'1e78               0x0  zero_init3.o [7]
  .rodata            const     0x800'1e78               0x0  copy_init3.o [7]
                             - 0x800'1e78            0x1ccc

"P2", part 1 of 3:                                     0x14
  P2-1                        0x2000'0000         4    0x14  <Init block>
    .data            inited   0x2000'0000         4     0x4  key.o [2]
    .data            inited   0x2000'0004         4     0xc  stm32f4xx_hal.o [4]
    .data            inited   0x2000'0010         4     0x4  system_stm32f4xx.o [1]
                            - 0x2000'0014              0x14

"P2", part 2 of 3:                                    0x194
  .bss               zero     0x2000'0014         4   0x148  adc.o [2]
  .bss               zero     0x2000'015c         4    0x48  usart.o [2]
  .bss               zero     0x2000'01a4         4     0x4  delay.o [2]
                            - 0x2000'01a8             0x194

"P2", part 3 of 3:                                    0x400
  CSTACK                      0x2000'01a8         8   0x400  <Block>
    CSTACK           uninit   0x2000'01a8             0x400  <Block tail>
                            - 0x2000'05a8             0x400

Unused ranges:

         From           To       Size
         ----           --       ----
   0x800'1e78   0x81f'ffff  0x1f'e188
  0x2000'05a8  0x2002'ffff   0x2'fa58


*******************************************************************************
*** INIT TABLE
***

          Address      Size
          -------      ----
Zero (__iar_zero_init3)
    1 destination range, total size 0x194:
          0x2000'0014  0x194

Copy (__iar_copy_init3)
    1 source range, total size 0x14:
           0x800'1cec   0x14
    1 destination range, total size 0x14:
          0x2000'0000   0x14



*******************************************************************************
*** MODULE SUMMARY
***

    Module                  ro code  ro data  rw data
    ------                  -------  -------  -------
command line/config:
    -------------------------------------------------
    Total:

C:\Users\heuch\Desktop\ARM\STM32\Study\I2C\EWARM\I2C\Obj\CMSIS_6603591812247902717.dir: [1]
    system_stm32f4xx.o           32       12        4
    -------------------------------------------------
    Total:                       32       12        4

C:\Users\heuch\Desktop\ARM\STM32\Study\I2C\EWARM\I2C\Obj\Core_13247989168731456611.dir: [2]
    24cxx.o                     226
    adc.o                                         328
    custom_i2c.o                468
    delay.o                      72                 4
    gpio.o                      214
    key.o                       336        4        4
    led.o                       120
    main.o                      368
    stm32f4xx_hal_msp.o          56
    stm32f4xx_it.o               40
    usart.o                     216                72
    -------------------------------------------------
    Total:                    2'116        4      408

C:\Users\heuch\Desktop\ARM\STM32\Study\I2C\EWARM\I2C\Obj\EWARM_18443280873093131863.dir: [3]
    startup_stm32f429xx.o       796
    -------------------------------------------------
    Total:                      796

C:\Users\heuch\Desktop\ARM\STM32\Study\I2C\EWARM\I2C\Obj\STM32F4xx_HAL_Driver_1244631019742807970.dir: [4]
    stm32f4xx_hal.o             144       12       12
    stm32f4xx_hal_adc.o         300
    stm32f4xx_hal_adc_ex.o        2
    stm32f4xx_hal_cortex.o      188
    stm32f4xx_hal_dma.o         188
    stm32f4xx_hal_gpio.o        564
    stm32f4xx_hal_pwr_ex.o      116
    stm32f4xx_hal_rcc.o       1'216
    stm32f4xx_hal_uart.o      1'424
    -------------------------------------------------
    Total:                    4'142       12       12

dl7M_tlf.a: [5]
    exit.o                        4
    low_level_init.o              4
    -------------------------------------------------
    Total:                        8

m7M_tls.a: [6]
    fpinit_M.o                   34
    -------------------------------------------------
    Total:                       34

rt7M_tl.a: [7]
    ABImemclr4.o                  6
    ABImemcpy_small.o            24
    ABImemset48.o                50
    ABImemset_small.o            18
    I64DivMod_small.o           262
    I64DivZer.o                   2
    cexit.o                      10
    cmain.o                      30
    copy_init3.o                 42
    cstartup_M.o                 28
    data_init.o                  42
    zero_init3.o                 56
    -------------------------------------------------
    Total:                      570

shb_l.a: [8]
    exit.o                       20
    -------------------------------------------------
    Total:                       20

    Gaps                         16        2
    Linker created                        36    1'024
-----------------------------------------------------
    Grand Total:              7'734       66    1'448


*******************************************************************************
*** ENTRY LIST
***

Entry                       Address   Size  Type      Object
-----                       -------   ----  ----      ------
.iar.init_table$$Base    0x800'1c44          --   Gb  - Linker created -
.iar.init_table$$Limit   0x800'1c68          --   Gb  - Linker created -
?main                    0x800'1c89         Code  Gb  cmain.o [7]
ADC_IRQHandler           0x800'1bfd    0x6  Code  Gb  stm32f4xx_it.o [2]
AHBPrescTable            0x800'1c78   0x10  Data  Gb  system_stm32f4xx.o [1]
APBPrescTable            0x800'1d10    0x8  Data  Gb  system_stm32f4xx.o [1]
BusFault_Handler         0x800'1bef    0x2  Code  Gb  stm32f4xx_it.o [2]
CAN1_RX0_IRQHandler      0x800'1d65         Code  Wk  startup_stm32f429xx.o [3]
CAN1_RX1_IRQHandler      0x800'1d69         Code  Wk  startup_stm32f429xx.o [3]
CAN1_SCE_IRQHandler      0x800'1d6d         Code  Wk  startup_stm32f429xx.o [3]
CAN1_TX_IRQHandler       0x800'1d61         Code  Wk  startup_stm32f429xx.o [3]
CAN2_RX0_IRQHandler      0x800'1e11         Code  Wk  startup_stm32f429xx.o [3]
CAN2_RX1_IRQHandler      0x800'1e15         Code  Wk  startup_stm32f429xx.o [3]
CAN2_SCE_IRQHandler      0x800'1e19         Code  Wk  startup_stm32f429xx.o [3]
CAN2_TX_IRQHandler       0x800'1e0d         Code  Wk  startup_stm32f429xx.o [3]
CSTACK$$Base            0x2000'01a8          --   Gb  - Linker created -
CSTACK$$Limit           0x2000'05a8          --   Gb  - Linker created -
DCMI_IRQHandler          0x800'1e49         Code  Wk  startup_stm32f429xx.o [3]
DMA1_Stream0_IRQHandler
                         0x800'1d45         Code  Wk  startup_stm32f429xx.o [3]
DMA1_Stream1_IRQHandler
                         0x800'1d49         Code  Wk  startup_stm32f429xx.o [3]
DMA1_Stream2_IRQHandler
                         0x800'1d4d         Code  Wk  startup_stm32f429xx.o [3]
DMA1_Stream3_IRQHandler
                         0x800'1d51         Code  Wk  startup_stm32f429xx.o [3]
DMA1_Stream4_IRQHandler
                         0x800'1d55         Code  Wk  startup_stm32f429xx.o [3]
DMA1_Stream5_IRQHandler
                         0x800'1d59         Code  Wk  startup_stm32f429xx.o [3]
DMA1_Stream6_IRQHandler
                         0x800'1d5d         Code  Wk  startup_stm32f429xx.o [3]
DMA1_Stream7_IRQHandler
                         0x800'1dcd         Code  Wk  startup_stm32f429xx.o [3]
DMA2D_IRQHandler         0x800'1e75         Code  Wk  startup_stm32f429xx.o [3]
DMA2_Stream0_IRQHandler
                         0x800'1df1         Code  Wk  startup_stm32f429xx.o [3]
DMA2_Stream1_IRQHandler
                         0x800'1df5         Code  Wk  startup_stm32f429xx.o [3]
DMA2_Stream2_IRQHandler
                         0x800'1df9         Code  Wk  startup_stm32f429xx.o [3]
DMA2_Stream3_IRQHandler
                         0x800'1dfd         Code  Wk  startup_stm32f429xx.o [3]
DMA2_Stream4_IRQHandler
                         0x800'1e01         Code  Wk  startup_stm32f429xx.o [3]
DMA2_Stream5_IRQHandler
                         0x800'1e21         Code  Wk  startup_stm32f429xx.o [3]
DMA2_Stream6_IRQHandler
                         0x800'1e25         Code  Wk  startup_stm32f429xx.o [3]
DMA2_Stream7_IRQHandler
                         0x800'1e29         Code  Wk  startup_stm32f429xx.o [3]
DebugMon_Handler         0x800'1bf5    0x2  Code  Gb  stm32f4xx_it.o [2]
ETH_IRQHandler           0x800'1e05         Code  Wk  startup_stm32f429xx.o [3]
ETH_WKUP_IRQHandler      0x800'1e09         Code  Wk  startup_stm32f429xx.o [3]
EXTI0_IRQHandler         0x800'1d31         Code  Wk  startup_stm32f429xx.o [3]
EXTI15_10_IRQHandler     0x800'1db1         Code  Wk  startup_stm32f429xx.o [3]
EXTI1_IRQHandler         0x800'1d35         Code  Wk  startup_stm32f429xx.o [3]
EXTI2_IRQHandler         0x800'1d39         Code  Wk  startup_stm32f429xx.o [3]
EXTI3_IRQHandler         0x800'1d3d         Code  Wk  startup_stm32f429xx.o [3]
EXTI4_IRQHandler         0x800'1d41         Code  Wk  startup_stm32f429xx.o [3]
EXTI9_5_IRQHandler       0x800'1d71         Code  Wk  startup_stm32f429xx.o [3]
Error_Handler            0x800'0ca5    0x4  Code  Gb  main.o [2]
FLASH_IRQHandler         0x800'1d29         Code  Wk  startup_stm32f429xx.o [3]
FMC_IRQHandler           0x800'1dd1         Code  Wk  startup_stm32f429xx.o [3]
FPU_IRQHandler           0x800'1e51         Code  Wk  startup_stm32f429xx.o [3]
HAL_ADCEx_InjectedConvCpltCallback
                         0x800'1b7d    0x2  Code  Wk  stm32f4xx_hal_adc_ex.o [4]
HAL_ADC_ConvCpltCallback
                         0x800'1b7b    0x2  Code  Wk  stm32f4xx_hal_adc.o [4]
HAL_ADC_ErrorCallback    0x800'1b81    0x2  Code  Wk  stm32f4xx_hal_adc.o [4]
HAL_ADC_IRQHandler       0x800'1a55  0x126  Code  Gb  stm32f4xx_hal_adc.o [4]
HAL_ADC_LevelOutOfWindowCallback
                         0x800'1b7f    0x2  Code  Wk  stm32f4xx_hal_adc.o [4]
HAL_DMA_Abort            0x800'0819   0x7c  Code  Gb  stm32f4xx_hal_dma.o [4]
HAL_DMA_Abort_IT         0x800'0895   0x24  Code  Gb  stm32f4xx_hal_dma.o [4]
HAL_Delay                0x800'12ab    0x2  Code  Gb  delay.o [2]
HAL_GPIO_Init            0x800'0cd1  0x1da  Code  Gb  stm32f4xx_hal_gpio.o [4]
HAL_GPIO_ReadPin         0x800'0eab    0xc  Code  Gb  stm32f4xx_hal_gpio.o [4]
HAL_GPIO_TogglePin       0x800'0ebf   0x10  Code  Gb  stm32f4xx_hal_gpio.o [4]
HAL_GPIO_WritePin        0x800'0eb7    0x8  Code  Gb  stm32f4xx_hal_gpio.o [4]
HAL_GetTick              0x800'0fc1    0xc  Code  Wk  stm32f4xx_hal.o [4]
HAL_IncTick              0x800'1c11   0x10  Code  Wk  stm32f4xx_hal.o [4]
HAL_Init                 0x800'1071   0x30  Code  Gb  stm32f4xx_hal.o [4]
HAL_InitTick             0x800'102d   0x40  Code  Wk  stm32f4xx_hal.o [4]
HAL_MspInit              0x800'19e9   0x38  Code  Gb  stm32f4xx_hal_msp.o [2]
HAL_NVIC_EnableIRQ       0x800'0f71   0x16  Code  Gb  stm32f4xx_hal_cortex.o [4]
HAL_NVIC_SetPriority     0x800'0f33   0x3e  Code  Gb  stm32f4xx_hal_cortex.o [4]
HAL_NVIC_SetPriorityGrouping
                         0x800'0f1f   0x14  Code  Gb  stm32f4xx_hal_cortex.o [4]
HAL_PWREx_EnableOverDrive
                         0x800'1975   0x46  Code  Gb  stm32f4xx_hal_pwr_ex.o [4]
HAL_RCC_ClockConfig      0x800'08d1  0x100  Code  Gb  stm32f4xx_hal_rcc.o [4]
HAL_RCC_GetPCLK1Freq     0x800'09dd   0x10  Code  Gb  stm32f4xx_hal_rcc.o [4]
HAL_RCC_GetPCLK2Freq     0x800'09ed    0xe  Code  Gb  stm32f4xx_hal_rcc.o [4]
HAL_RCC_GetSysClockFreq
                         0x800'0fcd   0x60  Code  Wk  stm32f4xx_hal_rcc.o [4]
HAL_RCC_OscConfig        0x800'1661  0x314  Code  Wk  stm32f4xx_hal_rcc.o [4]
HAL_SYSTICK_Config       0x800'0f87   0x22  Code  Gb  stm32f4xx_hal_cortex.o [4]
HAL_UARTEx_RxEventCallback
                         0x800'08cb    0x2  Code  Wk  stm32f4xx_hal_uart.o [4]
HAL_UART_ErrorCallback   0x800'08c9    0x2  Code  Wk  stm32f4xx_hal_uart.o [4]
HAL_UART_IRQHandler      0x800'0257  0x27e  Code  Gb  stm32f4xx_hal_uart.o [4]
HAL_UART_Init            0x800'01ad   0x20  Code  Gb  stm32f4xx_hal_uart.o [4]
HAL_UART_MspInit         0x800'0763   0x98  Code  Gb  usart.o [2]
HAL_UART_RxCpltCallback
                         0x800'08cf    0x2  Code  Wk  stm32f4xx_hal_uart.o [4]
HAL_UART_Transmit_IT     0x800'0225   0x32  Code  Gb  stm32f4xx_hal_uart.o [4]
HAL_UART_TxCpltCallback
                         0x800'08cd    0x2  Code  Wk  stm32f4xx_hal_uart.o [4]
HASH_RNG_IRQHandler      0x800'1e4d         Code  Wk  startup_stm32f429xx.o [3]
HardFault_Handler        0x800'1beb    0x2  Code  Gb  stm32f4xx_it.o [2]
I2C1_ER_IRQHandler       0x800'1d95         Code  Wk  startup_stm32f429xx.o [3]
I2C1_EV_IRQHandler       0x800'1d91         Code  Wk  startup_stm32f429xx.o [3]
I2C2_ER_IRQHandler       0x800'1d9d         Code  Wk  startup_stm32f429xx.o [3]
I2C2_EV_IRQHandler       0x800'1d99         Code  Wk  startup_stm32f429xx.o [3]
I2C3_ER_IRQHandler       0x800'1e35         Code  Wk  startup_stm32f429xx.o [3]
I2C3_EV_IRQHandler       0x800'1e31         Code  Wk  startup_stm32f429xx.o [3]
LTDC_ER_IRQHandler       0x800'1e71         Code  Wk  startup_stm32f429xx.o [3]
LTDC_IRQHandler          0x800'1e6d         Code  Wk  startup_stm32f429xx.o [3]
MX_GPIO_Init             0x800'1489   0xa6  Code  Gb  gpio.o [2]
MX_USART1_UART_Init      0x800'0735   0x2e  Code  Gb  usart.o [2]
MemManage_Handler        0x800'1bed    0x2  Code  Gb  stm32f4xx_it.o [2]
NMI_Handler              0x800'1be9    0x2  Code  Gb  stm32f4xx_it.o [2]
OTG_FS_IRQHandler        0x800'1e1d         Code  Wk  startup_stm32f429xx.o [3]
OTG_FS_WKUP_IRQHandler   0x800'1db9         Code  Wk  startup_stm32f429xx.o [3]
OTG_HS_EP1_IN_IRQHandler
                         0x800'1e3d         Code  Wk  startup_stm32f429xx.o [3]
OTG_HS_EP1_OUT_IRQHandler
                         0x800'1e39         Code  Wk  startup_stm32f429xx.o [3]
OTG_HS_IRQHandler        0x800'1e45         Code  Wk  startup_stm32f429xx.o [3]
OTG_HS_WKUP_IRQHandler   0x800'1e41         Code  Wk  startup_stm32f429xx.o [3]
PVD_IRQHandler           0x800'1d1d         Code  Wk  startup_stm32f429xx.o [3]
PendSV_Handler           0x800'1bf7    0x2  Code  Gb  stm32f4xx_it.o [2]
RCC_IRQHandler           0x800'1d2d         Code  Wk  startup_stm32f429xx.o [3]
RTC_Alarm_IRQHandler     0x800'1db5         Code  Wk  startup_stm32f429xx.o [3]
RTC_WKUP_IRQHandler      0x800'1d25         Code  Wk  startup_stm32f429xx.o [3]
Region$$Table$$Base      0x800'1c44          --   Gb  - Linker created -
Region$$Table$$Limit     0x800'1c68          --   Gb  - Linker created -
Reset_Handler            0x800'1d01         Code  Wk  startup_stm32f429xx.o [3]
Rx_Buf                  0x2000'005c  0x100  Data  Gb  adc.o [2]
SAI1_IRQHandler          0x800'1e69         Code  Wk  startup_stm32f429xx.o [3]
SDIO_IRQHandler          0x800'1dd5         Code  Wk  startup_stm32f429xx.o [3]
SPI1_IRQHandler          0x800'1da1         Code  Wk  startup_stm32f429xx.o [3]
SPI2_IRQHandler          0x800'1da5         Code  Wk  startup_stm32f429xx.o [3]
SPI3_IRQHandler          0x800'1ddd         Code  Wk  startup_stm32f429xx.o [3]
SPI4_IRQHandler          0x800'1e5d         Code  Wk  startup_stm32f429xx.o [3]
SPI5_IRQHandler          0x800'1e61         Code  Wk  startup_stm32f429xx.o [3]
SPI6_IRQHandler          0x800'1e65         Code  Wk  startup_stm32f429xx.o [3]
SVC_Handler              0x800'1bf3    0x2  Code  Gb  stm32f4xx_it.o [2]
SysTick_Handler          0x800'1bf9    0x4  Code  Gb  stm32f4xx_it.o [2]
SystemClock_Config       0x800'0bed   0xaa  Code  Gb  main.o [2]
SystemCoreClock         0x2000'0010    0x4  Data  Gb  system_stm32f4xx.o [1]
SystemInit               0x800'1c69    0xc  Code  Gb  system_stm32f4xx.o [1]
TAMP_STAMP_IRQHandler    0x800'1d21         Code  Wk  startup_stm32f429xx.o [3]
TIM1_BRK_TIM9_IRQHandler
                         0x800'1d75         Code  Wk  startup_stm32f429xx.o [3]
TIM1_CC_IRQHandler       0x800'1d81         Code  Wk  startup_stm32f429xx.o [3]
TIM1_TRG_COM_TIM11_IRQHandler
                         0x800'1d7d         Code  Wk  startup_stm32f429xx.o [3]
TIM1_UP_TIM10_IRQHandler
                         0x800'1d79         Code  Wk  startup_stm32f429xx.o [3]
TIM2_IRQHandler          0x800'1d85         Code  Wk  startup_stm32f429xx.o [3]
TIM3_IRQHandler          0x800'1d89         Code  Wk  startup_stm32f429xx.o [3]
TIM4_IRQHandler          0x800'1d8d         Code  Wk  startup_stm32f429xx.o [3]
TIM5_IRQHandler          0x800'1dd9         Code  Wk  startup_stm32f429xx.o [3]
TIM6_DAC_IRQHandler      0x800'1de9         Code  Wk  startup_stm32f429xx.o [3]
TIM7_IRQHandler          0x800'1ded         Code  Wk  startup_stm32f429xx.o [3]
TIM8_BRK_TIM12_IRQHandler
                         0x800'1dbd         Code  Wk  startup_stm32f429xx.o [3]
TIM8_CC_IRQHandler       0x800'1dc9         Code  Wk  startup_stm32f429xx.o [3]
TIM8_TRG_COM_TIM14_IRQHandler
                         0x800'1dc5         Code  Wk  startup_stm32f429xx.o [3]
TIM8_UP_TIM13_IRQHandler
                         0x800'1dc1         Code  Wk  startup_stm32f429xx.o [3]
UART4_IRQHandler         0x800'1de1         Code  Wk  startup_stm32f429xx.o [3]
UART5_IRQHandler         0x800'1de5         Code  Wk  startup_stm32f429xx.o [3]
UART7_IRQHandler         0x800'1e55         Code  Wk  startup_stm32f429xx.o [3]
UART8_IRQHandler         0x800'1e59         Code  Wk  startup_stm32f429xx.o [3]
UART_DMAAbortOnError     0x800'05a1    0xe  Code  Lc  stm32f4xx_hal_uart.o [4]
UART_EndRxTransfer       0x800'0545   0x5a  Code  Lc  stm32f4xx_hal_uart.o [4]
UART_Receive_IT          0x800'05b1   0xb8  Code  Lc  stm32f4xx_hal_uart.o [4]
UART_SetConfig           0x800'0669   0xb0  Code  Lc  stm32f4xx_hal_uart.o [4]
USART1_IRQHandler        0x800'1c03    0x6  Code  Gb  stm32f4xx_it.o [2]
USART2_IRQHandler        0x800'1da9         Code  Wk  startup_stm32f429xx.o [3]
USART3_IRQHandler        0x800'1dad         Code  Wk  startup_stm32f429xx.o [3]
USART6_IRQHandler        0x800'1e2d         Code  Wk  startup_stm32f429xx.o [3]
UsageFault_Handler       0x800'1bf1    0x2  Code  Gb  stm32f4xx_it.o [2]
WWDG_IRQHandler          0x800'1d19         Code  Wk  startup_stm32f429xx.o [3]
__NVIC_SetPriority       0x800'0f05   0x1a  Code  Lc  stm32f4xx_hal_cortex.o [4]
__aeabi_ldiv0            0x800'106d         Code  Gb  I64DivZer.o [7]
__aeabi_memclr4          0x800'1659         Code  Gb  ABImemclr4.o [7]
__cmain                  0x800'1c89         Code  Gb  cmain.o [7]
__exit                   0x800'1cbd   0x14  Code  Gb  exit.o [8]
__iar_Memset4_word       0x800'1a21         Code  Gb  ABImemset48.o [7]
__iar_Memset8_word       0x800'1a21         Code  Gb  ABImemset48.o [7]
__iar_copy_init3         0x800'0b23   0x2a  Code  Gb  copy_init3.o [7]
__iar_data_init3         0x800'1bbd   0x18  Code  Gb  data_init.o [7]
__iar_init_vfp           0x800'1c21         Code  Gb  fpinit_M.o [6]
__iar_program_start      0x800'1cd1         Code  Gb  cstartup_M.o [7]
__iar_small_Memcpy       0x800'1645         Code  Gb  ABImemcpy_small.o [7]
__iar_small_Memset       0x800'0cbd         Code  Gb  ABImemset_small.o [7]
__iar_small_Memset_word
                         0x800'0cbd         Code  Gb  ABImemset_small.o [7]
__iar_small_memcpy       0x800'1641         Code  Gb  ABImemcpy_small.o [7]
__iar_small_memcpy4      0x800'1641         Code  Gb  ABImemcpy_small.o [7]
__iar_small_memcpy8      0x800'1641         Code  Gb  ABImemcpy_small.o [7]
__iar_small_memset       0x800'0cbd         Code  Gb  ABImemset_small.o [7]
__iar_small_uldivmod     0x800'0a1d         Code  Gb  I64DivMod_small.o [7]
__iar_zero_init3         0x800'1b83   0x38  Code  Gb  zero_init3.o [7]
__low_level_init         0x800'1ca7    0x4  Code  Gb  low_level_init.o [5]
__vector_table           0x800'0000         Data  Gb  startup_stm32f429xx.o [3]
_call_main               0x800'1c95         Code  Gb  cmain.o [7]
_exit                    0x800'1cb1         Code  Gb  cexit.o [7]
at24cxx_check            0x800'15d7   0x26  Code  Gb  24cxx.o [2]
at24cxx_read             0x800'15fd   0x22  Code  Gb  24cxx.o [2]
at24cxx_read_one_byte    0x800'1593   0x38  Code  Gb  24cxx.o [2]
at24cxx_write            0x800'161f   0x22  Code  Gb  24cxx.o [2]
at24cxx_write_one_byte   0x800'155f   0x34  Code  Gb  24cxx.o [2]
delay_init               0x800'126d    0x6  Code  Gb  delay.o [2]
delay_ms                 0x800'12a9    0x2  Code  Gb  delay.o [2]
delay_us                 0x800'1273   0x2c  Code  Gb  delay.o [2]
exit                     0x800'1cab    0x4  Code  Gb  exit.o [5]
g_fac_us                0x2000'01a4    0x4  Data  Lc  delay.o [2]
hadc1                   0x2000'0014   0x48  Data  Gb  adc.o [2]
huart1                  0x2000'015c   0x48  Data  Gb  usart.o [2]
iic_ack                  0x800'1423   0x18  Code  Gb  custom_i2c.o [2]
iic_delay                0x800'1317    0x6  Code  Lc  custom_i2c.o [2]
iic_init                 0x800'12b5   0x62  Code  Gb  custom_i2c.o [2]
iic_nack                 0x800'1455   0x20  Code  Gb  custom_i2c.o [2]
iic_read_byte            0x800'138f   0x4a  Code  Gb  custom_i2c.o [2]
iic_send_byte            0x800'134f   0x40  Code  Gb  custom_i2c.o [2]
iic_start                0x800'131d   0x24  Code  Gb  custom_i2c.o [2]
iic_stop                 0x800'1341    0xe  Code  Gb  custom_i2c.o [2]
iic_wait_ack             0x800'13d9   0x40  Code  Gb  custom_i2c.o [2]
key_init                 0x800'111d   0x92  Code  Gb  key.o [2]
key_scan                 0x800'11af   0x90  Code  Gb  key.o [2]
key_scan::key_up        0x2000'0000    0x4  Data  Lc  key.o [2]
led_green                0x800'10ef   0x14  Code  Gb  led.o [2]
led_init                 0x800'10a5   0x4a  Code  Gb  led.o [2]
led_red_toggle           0x800'1109    0x4  Code  Gb  led.o [2]
main                     0x800'0b4d   0xa0  Code  Gb  main.o [2]
uwTick                  0x2000'0008    0x4  Data  Gb  stm32f4xx_hal.o [4]
uwTickFreq              0x2000'0004    0x1  Data  Gb  stm32f4xx_hal.o [4]
uwTickPrio              0x2000'000c    0x4  Data  Gb  stm32f4xx_hal.o [4]


[1] = C:\Users\heuch\Desktop\ARM\STM32\Study\I2C\EWARM\I2C\Obj\CMSIS_6603591812247902717.dir
[2] = C:\Users\heuch\Desktop\ARM\STM32\Study\I2C\EWARM\I2C\Obj\Core_13247989168731456611.dir
[3] = C:\Users\heuch\Desktop\ARM\STM32\Study\I2C\EWARM\I2C\Obj\EWARM_18443280873093131863.dir
[4] = C:\Users\heuch\Desktop\ARM\STM32\Study\I2C\EWARM\I2C\Obj\STM32F4xx_HAL_Driver_1244631019742807970.dir
[5] = dl7M_tlf.a
[6] = m7M_tls.a
[7] = rt7M_tl.a
[8] = shb_l.a

  7'734 bytes of readonly  code memory
     66 bytes of readonly  data memory
  1'448 bytes of readwrite data memory

Errors: none
Warnings: none
